// Vitest Snapshot v1, https://vitest.dev/guide/snapshot.html

exports[`PageHeading > matches snapshot 1`] = `
<div>
  <div
    class="text-center space-y-2"
  >
    <h1
      class="text-3xl font-bold"
    >
      Actor Collaboration Explorer
    </h1>
    <p
      class="text-neutral-600"
    >
      Compare filmographies and discover shared movies
    </p>
  </div>
</div>
`;
